                                 Started job on |	May 24 19:20:57
                             Started mapping on |	May 24 19:20:57
                                    Finished on |	May 24 19:20:59
       Mapping speed, Million of reads per hour |	4.50

                          Number of input reads |	2500
                      Average input read length |	100
                                    UNIQUE READS:
                   Uniquely mapped reads number |	1250
                        Uniquely mapped reads % |	50.00%
                          Average mapped length |	100.00
                       Number of splices: Total |	0
            Number of splices: Annotated (sjdb) |	0
                       Number of splices: GT/AG |	0
                       Number of splices: GC/AG |	0
                       Number of splices: AT/AC |	0
               Number of splices: Non-canonical |	0
                      Mismatch rate per base, % |	0.00%
                         Deletion rate per base |	0.00%
                        Deletion average length |	0.00
                        Insertion rate per base |	0.00%
                       Insertion average length |	0.00
                             MULTI-MAPPING READS:
        Number of reads mapped to multiple loci |	0
             % of reads mapped to multiple loci |	0.00%
        Number of reads mapped to too many loci |	0
             % of reads mapped to too many loci |	0.00%
                                  UNMAPPED READS:
       % of reads unmapped: too many mismatches |	0.00%
                 % of reads unmapped: too short |	18.56%
                     % of reads unmapped: other |	31.44%
                                  CHIMERIC READS:
                       Number of chimeric reads |	0
                            % of chimeric reads |	0.00%
